// Jest Snapshot v1, https://goo.gl/fbAQLP

exports[`Returns lack of url error when:  the shape of error message is dev friendly 1`] = `
"
        \\"Url\\" parameter is \\"undefined\\". API cannot work without url...
        It may be caused because: 
            - you used environment variable which is not specified,
            - you forget to pass url parameter and ignored TypeScript.
      "
`;
