// Jest Snapshot v1, https://goo.gl/fbAQLP

exports[`Loader can be used when [FRAGILE] renders with default setup 1`] = `
<DocumentFragment>
  <div
    class="loader"
  >
    <div
      class="loader-animation loader-1"
    >
      <div>
        <div>
          <div>
            <div>
              <div>
                <div />
              </div>
            </div>
          </div>
        </div>
      </div>
    </div>
  </div>
</DocumentFragment>
`;
